// Jest Snapshot v1, https://goo.gl/fbAQLP

exports[`landing renders properly 1`] = `
<div
  class="css-nil ðŸ“¦pst_absolute ðŸ“¦rgt_20px ðŸ“¦top_20px ðŸ“¦box-szg_border-box"
>
  <button
    class="css-69cngj ðŸ“¦fnt-fam_b77syt ðŸ“¦mt_0px ðŸ“¦fnt-sze_12px ðŸ“¦f-wght_500 ðŸ“¦ln-ht_32px ðŸ“¦ltr-spc_0 ðŸ“¦btrr_3px ðŸ“¦bbrr_3px ðŸ“¦btlr_3px ðŸ“¦bblr_3px ðŸ“¦pt_0px ðŸ“¦pb_0px ðŸ“¦pr_0px ðŸ“¦pl_0px ðŸ“¦ml_0px ðŸ“¦mr_0px ðŸ“¦mb_0px ðŸ“¦h_32px ðŸ“¦pst_relative ðŸ“¦dspl_flex ðŸ“¦algn-itms_center ðŸ“¦flx-wrap_nowrap ðŸ“¦w_32px ðŸ“¦just-cnt_center ðŸ“¦box-szg_border-box"
  >
    <svg
      class="ðŸ“¦w_24px ðŸ“¦h_24px ðŸ“¦box-szg_border-box"
      data-icon="menu"
      style="fill: #66788A;"
      viewBox="0 0 20 20"
    >
      <path
        d="M1 6h18c.55 0 1-.45 1-1s-.45-1-1-1H1c-.55 0-1 .45-1 1s.45 1 1 1zm18 3H1c-.55 0-1 .45-1 1s.45 1 1 1h18c.55 0 1-.45 1-1s-.45-1-1-1zm0 5H1c-.55 0-1 .45-1 1s.45 1 1 1h18c.55 0 1-.45 1-1s-.45-1-1-1z"
        fill-rule="evenodd"
      />
    </svg>
  </button>
</div>
`;
