// Jest Snapshot v1, https://goo.gl/fbAQLP

exports[`renders the full dialog text 1`] = `"Terms of Service1. TermsBy accessing the website at https://www.weatheredstrip.com, you are agreeing to be bound by these terms of service, all applicable laws and regulations, and agree that you are responsible for compliance with any applicable local laws. If you do not agree with any of these terms, you are prohibited from using or accessing this site. The materials contained in this website are protected by applicable copyright and trademark law.2. Use LicensePermission is granted to temporarily download one copy of the materials (information or software) on Weathered Strip's website for personal, non-commercial transitory viewing only. This is the grant of a license, not a transfer of title, and under this license you may not:modify or copy the materials;use the materials for any commercial purpose, or for any public display (commercial or non-commercial);attempt to decompile or reverse engineer any software contained on Weathered Strip's website;remove any copyright or other proprietary notations from the materials; ortransfer the materials to another person or \\"mirror\\" the materials on any other server.This license shall automatically terminate if you violate any of these restrictions and may be terminated by Weathered Strip at any time. Upon terminating your viewing of these materials or upon the termination of this license, you must destroy any downloaded materials in your possession whether in electronic or printed format.3. DisclaimerThe materials on Weathered Strip's website are provided on an 'as is' basis. Weathered Strip makes no warranties, expressed or implied, and hereby disclaims and negates all other warranties including, without limitation, implied warranties or conditions of merchantability, fitness for a particular purpose, or non-infringement of intellectual property or other violation of rights.Further, Weathered Strip does not warrant or make any representations concerning the accuracy, likely results, or reliability of the use of the materials on its website or otherwise relating to such materials or on any sites linked to this site.4. LimitationsIn no event shall Weathered Strip or its suppliers be liable for any damages (including, without limitation, damages for loss of data or profit, or due to business interruption) arising out of the use or inability to use the materials on Weathered Strip's website, even if Weathered Strip or a Weathered Strip authorized representative has been notified orally or in writing of the possibility of such damage. Because some jurisdictions do not allow limitations on implied warranties, or limitations of liability for consequential or incidental damages, these limitations may not apply to you.5. Accuracy of materialsThe materials appearing on Weathered Strip's website could include technical, typographical, or photographic errors. Weathered Strip does not warrant that any of the materials on its website are accurate, complete or current. Weathered Strip may make changes to the materials contained on its website at any time without notice. However Weathered Strip does not make any commitment to update the materials.6. LinksWeathered Strip has not reviewed all of the sites linked to its website and is not responsible for the contents of any such linked site. The inclusion of any link does not imply endorsement by Weathered Strip of the site. Use of any such linked website is at the user's own risk.7. ModificationsWeathered Strip may revise these terms of service for its website at any time without notice. By using this website you are agreeing to be bound by the then current version of these terms of service.8. Governing LawThese terms and conditions are governed by and construed in accordance with the laws of the Provide of Quebec, Canada and you irrevocably submit to the exclusive jurisdiction of the courts in that province.Terms of Use created with GetTerms.Close"`;

exports[`renders the link for the dialog 1`] = `
<div>
  <a
    class="css-1k92t60 ðŸ“¦fnt-fam_b77syt ðŸ“¦fnt-sze_14px ðŸ“¦f-wght_400 ðŸ“¦ln-ht_20px ðŸ“¦ltr-spc_-0-05px ðŸ“¦txt-deco_underline ðŸ“¦box-szg_border-box"
    data-testid="privButton"
    href="#"
  >
    Terms of Service
  </a>
</div>
`;
